$ <history-temp>\env\Scripts\python.exe -m pip wheel <history-temp>\source --no-deps --wheel-dir <history-temp>\wheels
Processing <user>\appdata\local\temp\fixtureweaver-history-bwn1qr1t\source
  Installing build dependencies: started
  Installing build dependencies: finished with status 'done'
  Getting requirements to build wheel: started
  Getting requirements to build wheel: finished with status 'done'
  Preparing metadata (pyproject.toml): started
  Preparing metadata (pyproject.toml): finished with status 'done'
Building wheels for collected packages: fixtureweaver
  Building wheel for fixtureweaver (pyproject.toml): started
  Building wheel for fixtureweaver (pyproject.toml): finished with status 'done'
  Created wheel for fixtureweaver: filename=fixtureweaver-0.1.0-py3-none-any.whl size=13079 sha256=c078eeb724d434a45e336d43fc2d549ad9496aba0dfc7a1d5b0d37a491cd09b1
  Stored in directory: <user>\AppData\Local\Temp\pip-ephem-wheel-cache-mfstj3yg\wheels\d7\be\36\8925bec1fb7181d8050f774f3f0c3b89558b1169ef16e08242
Successfully built fixtureweaver

[notice] A new release of pip is available: 25.3 -> 26.2.1
[notice] To update, run: <history-temp>\env\Scripts\python.exe -m pip install --upgrade pip

exit=0

$ <history-temp>\env\Scripts\python.exe -m pip install --no-deps <history-temp>\wheels\fixtureweaver-0.1.0-py3-none-any.whl
Processing <user>\appdata\local\temp\fixtureweaver-history-bwn1qr1t\wheels\fixtureweaver-0.1.0-py3-none-any.whl
Installing collected packages: fixtureweaver
Successfully installed fixtureweaver-0.1.0

[notice] A new release of pip is available: 25.3 -> 26.2.1
[notice] To update, run: <history-temp>\env\Scripts\python.exe -m pip install --upgrade pip

exit=0

$ <history-temp>\env\Scripts\python.exe -c import fixtureweaver,pathlib,json,hashlib; p=pathlib.Path(fixtureweaver.__file__).parent; print(json.dumps({f.name:hashlib.sha256(f.read_bytes()).hexdigest() for f in sorted(p.glob('*.py'))}))
{"__init__.py": "3cad840688ed45b58fde564df5715ff0604ecf83f0d21d02ad15f547a5e20ac2", "cli.py": "1952e0eaea9d79d6a77616a76d04bce132e98d05a519a12e84e6599eec723a47", "engine.py": "a1b85944fb90f60cc7978e65a2c1fdcc4fa77897f9efa924751519e56f93a084"}

exit=0

$ <history-temp>\env\Scripts\python.exe <repo>\probes\storage_type_probe.py
{"probe": "numeric_real_storage", "passed": false, "error": {"code": "CONSUMER_QUERY", "message": "Consumer query expectation changed; adjust seeds, protected values or expectations", "witness": {"query": "storage", "expected": [["real", "text", 1]], "actual": [["integer", "text", 1]]}}}

exit=1
