$ <history-temp>\env\Scripts\python.exe -m pip wheel <history-temp>\source --no-deps --wheel-dir <history-temp>\wheels
Processing <user>\appdata\local\temp\fixtureweaver-history-v1d3kclc\source
  Installing build dependencies: started
  Installing build dependencies: finished with status 'done'
  Getting requirements to build wheel: started
  Getting requirements to build wheel: finished with status 'done'
  Preparing metadata (pyproject.toml): started
  Preparing metadata (pyproject.toml): finished with status 'done'
Building wheels for collected packages: fixtureweaver
  Building wheel for fixtureweaver (pyproject.toml): started
  Building wheel for fixtureweaver (pyproject.toml): finished with status 'done'
  Created wheel for fixtureweaver: filename=fixtureweaver-0.1.0-py3-none-any.whl size=12789 sha256=743b779d9077020c1dde5505394d425d50b68916c97a72d2ba7aaab5d8535bd7
  Stored in directory: <user>\AppData\Local\Temp\pip-ephem-wheel-cache-vwq6lfij\wheels\28\86\16\7cf876aa8562c943d26cfc63488b55467eacf05d103d670870
Successfully built fixtureweaver

[notice] A new release of pip is available: 25.3 -> 26.2.1
[notice] To update, run: <history-temp>\env\Scripts\python.exe -m pip install --upgrade pip

exit=0

$ <history-temp>\env\Scripts\python.exe -m pip install --no-deps <history-temp>\wheels\fixtureweaver-0.1.0-py3-none-any.whl
Processing <user>\appdata\local\temp\fixtureweaver-history-v1d3kclc\wheels\fixtureweaver-0.1.0-py3-none-any.whl
Installing collected packages: fixtureweaver
Successfully installed fixtureweaver-0.1.0

[notice] A new release of pip is available: 25.3 -> 26.2.1
[notice] To update, run: <history-temp>\env\Scripts\python.exe -m pip install --upgrade pip

exit=0

$ <history-temp>\env\Scripts\python.exe -c import fixtureweaver,pathlib,json,hashlib; p=pathlib.Path(fixtureweaver.__file__).parent; print(json.dumps({f.name:hashlib.sha256(f.read_bytes()).hexdigest() for f in sorted(p.glob('*.py'))}))
{"__init__.py": "bb56833ea35274affe16d70a7db18ffac6e986957ea021cd3eadd672a3dd9b79", "cli.py": "c23bb8457ec4f7fa4b865b027651a0343b4f9da6479aee0847077a65f7a1645c", "engine.py": "ba15beffa098246a8d77477ce2dd55a8476c69adeca6f50af5833d17c8bd4e64"}

exit=0

$ <history-temp>\env\Scripts\python.exe <repo>\probes\scalar_probe.py
{"probe": "adversarial_scalars", "passed": true, "observed": {"cli": {"passed": true, "exit": 2, "traceback_present": false}, "sdk": {"passed": true, "code": "MASK_TYPE"}, "source_unchanged": true, "no_destination": true}}

exit=0
