$ <history-temp>\env\Scripts\python.exe -m pip wheel <history-temp>\source --no-deps --wheel-dir <history-temp>\wheels
Processing <user>\appdata\local\temp\fixtureweaver-history-nl17_ljm\source
  Installing build dependencies: started
  Installing build dependencies: finished with status 'done'
  Getting requirements to build wheel: started
  Getting requirements to build wheel: finished with status 'done'
  Preparing metadata (pyproject.toml): started
  Preparing metadata (pyproject.toml): finished with status 'done'
Building wheels for collected packages: fixtureweaver
  Building wheel for fixtureweaver (pyproject.toml): started
  Building wheel for fixtureweaver (pyproject.toml): finished with status 'done'
  Created wheel for fixtureweaver: filename=fixtureweaver-0.1.0-py3-none-any.whl size=12789 sha256=a2c145636ba97b448cda2e19a79c967afb8e40a761c4bd111357b987536c6b30
  Stored in directory: <user>\AppData\Local\Temp\pip-ephem-wheel-cache-r6tkjygx\wheels\1b\c5\06\23bcaf52c29b3c6aa892b2f27034763cabdd54118a5258d4d1
Successfully built fixtureweaver

[notice] A new release of pip is available: 25.3 -> 26.2.1
[notice] To update, run: <history-temp>\env\Scripts\python.exe -m pip install --upgrade pip

exit=0

$ <history-temp>\env\Scripts\python.exe -m pip install --no-deps <history-temp>\wheels\fixtureweaver-0.1.0-py3-none-any.whl
Processing <user>\appdata\local\temp\fixtureweaver-history-nl17_ljm\wheels\fixtureweaver-0.1.0-py3-none-any.whl
Installing collected packages: fixtureweaver
Successfully installed fixtureweaver-0.1.0

[notice] A new release of pip is available: 25.3 -> 26.2.1
[notice] To update, run: <history-temp>\env\Scripts\python.exe -m pip install --upgrade pip

exit=0

$ <history-temp>\env\Scripts\python.exe -c import fixtureweaver,pathlib,json,hashlib; p=pathlib.Path(fixtureweaver.__file__).parent; print(json.dumps({f.name:hashlib.sha256(f.read_bytes()).hexdigest() for f in sorted(p.glob('*.py'))}))
{"__init__.py": "bb56833ea35274affe16d70a7db18ffac6e986957ea021cd3eadd672a3dd9b79", "cli.py": "c23bb8457ec4f7fa4b865b027651a0343b4f9da6479aee0847077a65f7a1645c", "engine.py": "ba15beffa098246a8d77477ce2dd55a8476c69adeca6f50af5833d17c8bd4e64"}

exit=0

$ <history-temp>\env\Scripts\python.exe <repo>\probes\work_bound_probe.py
{"probe": "cumulative_vm_budget", "passed": false, "unexpected_success": 0}

exit=1
