$ <history-temp>\env\Scripts\python.exe -m pip wheel <history-temp>\source --no-deps --wheel-dir <history-temp>\wheels
Processing <user>\appdata\local\temp\fixtureweaver-history-mlygb8u3\source
  Installing build dependencies: started
  Installing build dependencies: finished with status 'done'
  Getting requirements to build wheel: started
  Getting requirements to build wheel: finished with status 'done'
  Preparing metadata (pyproject.toml): started
  Preparing metadata (pyproject.toml): finished with status 'done'
Building wheels for collected packages: fixtureweaver
  Building wheel for fixtureweaver (pyproject.toml): started
  Building wheel for fixtureweaver (pyproject.toml): finished with status 'done'
  Created wheel for fixtureweaver: filename=fixtureweaver-0.1.0-py3-none-any.whl size=18061 sha256=e7b16915d4846758ecfbc90a346198e1afc7e82298136f593ca89f986e96b5f7
  Stored in directory: <user>\AppData\Local\Temp\pip-ephem-wheel-cache-87bcf6ba\wheels\b6\68\2c\3c71aabf2801d774667e90bede5846d3a069b48a4a36c9ae2d
Successfully built fixtureweaver

[notice] A new release of pip is available: 25.3 -> 26.2.1
[notice] To update, run: <history-temp>\env\Scripts\python.exe -m pip install --upgrade pip

exit=0

$ <history-temp>\env\Scripts\python.exe -m pip install --no-deps <history-temp>\wheels\fixtureweaver-0.1.0-py3-none-any.whl
Processing <user>\appdata\local\temp\fixtureweaver-history-mlygb8u3\wheels\fixtureweaver-0.1.0-py3-none-any.whl
Installing collected packages: fixtureweaver
Successfully installed fixtureweaver-0.1.0

[notice] A new release of pip is available: 25.3 -> 26.2.1
[notice] To update, run: <history-temp>\env\Scripts\python.exe -m pip install --upgrade pip

exit=0

$ <history-temp>\env\Scripts\python.exe -c import fixtureweaver,pathlib,json,hashlib; p=pathlib.Path(fixtureweaver.__file__).parent; print(json.dumps({f.name:hashlib.sha256(f.read_bytes()).hexdigest() for f in sorted(p.glob('*.py'))}))
{"__init__.py": "3cad840688ed45b58fde564df5715ff0604ecf83f0d21d02ad15f547a5e20ac2", "cli.py": "1952e0eaea9d79d6a77616a76d04bce132e98d05a519a12e84e6599eec723a47", "engine.py": "03a484bf6e77346164d37a180814d1d39478dacf7b744230ac4ad00c5c0fe906"}

exit=0

$ <history-temp>\env\Scripts\python.exe <repo>\probes\conflict_policy_probe.py
{"probe": "schema_conflict_policy", "passed": true, "error": "MASK_CONSTRAINT", "no_destination": true, "source_unchanged": true}

exit=0
